  Determining projects to restore...
  All projects are up-to-date for restore.
  ILGPU -> D:\users\tj\Projects\SpawnDev.ILGPU\ILGPU\Bin\Debug\net8.0\ILGPU.dll
D:\users\tj\Projects\SpawnDev.ILGPU\SpawnDev.ILGPU.WebGPU\SpawnDev.ILGPU.WebGPU\Backend\WebGPUBackend.cs(66,13): warning CS8603: Possible null reference return. [D:\users\tj\Projects\SpawnDev.ILGPU\SpawnDev.ILGPU.WebGPU\SpawnDev.ILGPU.WebGPU\SpawnDev.ILGPU.WebGPU.csproj]
D:\users\tj\Projects\SpawnDev.ILGPU\SpawnDev.ILGPU.WebGPU\SpawnDev.ILGPU.WebGPU\WebGPUAccelerator.cs(40,59): warning CS8625: Cannot convert null literal to non-nullable reference type. [D:\users\tj\Projects\SpawnDev.ILGPU\SpawnDev.ILGPU.WebGPU\SpawnDev.ILGPU.WebGPU\SpawnDev.ILGPU.WebGPU.csproj]
D:\users\tj\Projects\SpawnDev.ILGPU\SpawnDev.ILGPU.WebGPU\SpawnDev.ILGPU.WebGPU\Backend\WebGPUBackend.cs(79,27): warning CS8600: Converting null literal or possible null value to non-nullable type. [D:\users\tj\Projects\SpawnDev.ILGPU\SpawnDev.ILGPU.WebGPU\SpawnDev.ILGPU.WebGPU\SpawnDev.ILGPU.WebGPU.csproj]
D:\users\tj\Projects\SpawnDev.ILGPU\SpawnDev.ILGPU.WebGPU\SpawnDev.ILGPU.WebGPU\Backend\WebGPUBackend.cs(80,33): warning CS8604: Possible null reference argument for parameter 'manager' in 'void WebGPUBackend.FixIntrinsicManager(IntrinsicImplementationManager manager)'. [D:\users\tj\Projects\SpawnDev.ILGPU\SpawnDev.ILGPU.WebGPU\SpawnDev.ILGPU.WebGPU\SpawnDev.ILGPU.WebGPU.csproj]
D:\users\tj\Projects\SpawnDev.ILGPU\SpawnDev.ILGPU.WebGPU\SpawnDev.ILGPU.WebGPU\Backend\WGSLTypeGenerator.cs(77,20): warning CS8603: Possible null reference return. [D:\users\tj\Projects\SpawnDev.ILGPU\SpawnDev.ILGPU.WebGPU\SpawnDev.ILGPU.WebGPU\SpawnDev.ILGPU.WebGPU.csproj]
D:\users\tj\Projects\SpawnDev.ILGPU\SpawnDev.ILGPU.WebGPU\SpawnDev.ILGPU.WebGPU\Backend\WebGPUBackend.cs(92,34): warning CS8600: Converting null literal or possible null value to non-nullable type. [D:\users\tj\Projects\SpawnDev.ILGPU\SpawnDev.ILGPU.WebGPU\SpawnDev.ILGPU.WebGPU\SpawnDev.ILGPU.WebGPU.csproj]
D:\users\tj\Projects\SpawnDev.ILGPU\SpawnDev.ILGPU.WebGPU\SpawnDev.ILGPU.WebGPU\Backend\WebGPUBackend.cs(96,36): warning CS8602: Dereference of a possibly null reference. [D:\users\tj\Projects\SpawnDev.ILGPU\SpawnDev.ILGPU.WebGPU\SpawnDev.ILGPU.WebGPU\SpawnDev.ILGPU.WebGPU.csproj]
D:\users\tj\Projects\SpawnDev.ILGPU\SpawnDev.ILGPU.WebGPU\SpawnDev.ILGPU.WebGPU\Backend\WebGPUBackend.cs(101,40): warning CS8602: Dereference of a possibly null reference. [D:\users\tj\Projects\SpawnDev.ILGPU\SpawnDev.ILGPU.WebGPU\SpawnDev.ILGPU.WebGPU\SpawnDev.ILGPU.WebGPU.csproj]
D:\users\tj\Projects\SpawnDev.ILGPU\SpawnDev.ILGPU.WebGPU\SpawnDev.ILGPU.WebGPU\Backend\WebGPUBackend.cs(119,40): warning CS8602: Dereference of a possibly null reference. [D:\users\tj\Projects\SpawnDev.ILGPU\SpawnDev.ILGPU.WebGPU\SpawnDev.ILGPU.WebGPU\SpawnDev.ILGPU.WebGPU.csproj]
D:\users\tj\Projects\SpawnDev.ILGPU\SpawnDev.ILGPU.WebGPU\SpawnDev.ILGPU.WebGPU\Backend\WebGPUBackend.cs(128,42): warning CS8602: Dereference of a possibly null reference. [D:\users\tj\Projects\SpawnDev.ILGPU\SpawnDev.ILGPU.WebGPU\SpawnDev.ILGPU.WebGPU\SpawnDev.ILGPU.WebGPU.csproj]
D:\users\tj\Projects\SpawnDev.ILGPU\SpawnDev.ILGPU.WebGPU\SpawnDev.ILGPU.WebGPU\Backend\WebGPUBackend.cs(129,37): warning CS8602: Dereference of a possibly null reference. [D:\users\tj\Projects\SpawnDev.ILGPU\SpawnDev.ILGPU.WebGPU\SpawnDev.ILGPU.WebGPU\SpawnDev.ILGPU.WebGPU.csproj]
D:\users\tj\Projects\SpawnDev.ILGPU\SpawnDev.ILGPU.WebGPU\SpawnDev.ILGPU.WebGPU\Backend\WebGPUBackend.cs(134,45): warning CS8602: Dereference of a possibly null reference. [D:\users\tj\Projects\SpawnDev.ILGPU\SpawnDev.ILGPU.WebGPU\SpawnDev.ILGPU.WebGPU\SpawnDev.ILGPU.WebGPU.csproj]
D:\users\tj\Projects\SpawnDev.ILGPU\SpawnDev.ILGPU.WebGPU\SpawnDev.ILGPU.WebGPU\Backend\WGSLTypeGenerator.cs(93,21): warning CS8603: Possible null reference return. [D:\users\tj\Projects\SpawnDev.ILGPU\SpawnDev.ILGPU.WebGPU\SpawnDev.ILGPU.WebGPU\SpawnDev.ILGPU.WebGPU.csproj]
D:\users\tj\Projects\SpawnDev.ILGPU\SpawnDev.ILGPU.WebGPU\SpawnDev.ILGPU.WebGPU\Backend\WebGPUBackend.cs(152,65): warning CS8602: Dereference of a possibly null reference. [D:\users\tj\Projects\SpawnDev.ILGPU\SpawnDev.ILGPU.WebGPU\SpawnDev.ILGPU.WebGPU\SpawnDev.ILGPU.WebGPU.csproj]
D:\users\tj\Projects\SpawnDev.ILGPU\SpawnDev.ILGPU.WebGPU\SpawnDev.ILGPU.WebGPU\Backend\WebGPUBackend.cs(180,54): warning CS8602: Dereference of a possibly null reference. [D:\users\tj\Projects\SpawnDev.ILGPU\SpawnDev.ILGPU.WebGPU\SpawnDev.ILGPU.WebGPU\SpawnDev.ILGPU.WebGPU.csproj]
D:\users\tj\Projects\SpawnDev.ILGPU\SpawnDev.ILGPU.WebGPU\SpawnDev.ILGPU.WebGPU\Backend\WebGPUBackend.cs(180,103): warning CS8602: Dereference of a possibly null reference. [D:\users\tj\Projects\SpawnDev.ILGPU\SpawnDev.ILGPU.WebGPU\SpawnDev.ILGPU.WebGPU\SpawnDev.ILGPU.WebGPU.csproj]
D:\users\tj\Projects\SpawnDev.ILGPU\SpawnDev.ILGPU.WebGPU\SpawnDev.ILGPU.WebGPU\WebGPUAccelerator.cs(143,42): warning CS8604: Possible null reference argument for parameter 'd' in 'int[] GetXYZ(object d)'. [D:\users\tj\Projects\SpawnDev.ILGPU\SpawnDev.ILGPU.WebGPU\SpawnDev.ILGPU.WebGPU\SpawnDev.ILGPU.WebGPU.csproj]
D:\users\tj\Projects\SpawnDev.ILGPU\SpawnDev.ILGPU.WebGPU\SpawnDev.ILGPU.WebGPU\WebGPUAccelerator.cs(155,35): warning CS8605: Unboxing a possibly null value. [D:\users\tj\Projects\SpawnDev.ILGPU\SpawnDev.ILGPU.WebGPU\SpawnDev.ILGPU.WebGPU\SpawnDev.ILGPU.WebGPU.csproj]
D:\users\tj\Projects\SpawnDev.ILGPU\SpawnDev.ILGPU.WebGPU\SpawnDev.ILGPU.WebGPU\WebGPUAccelerator.cs(178,42): warning CS8604: Possible null reference argument for parameter 'd' in 'int[] GetXYZ(object d)'. [D:\users\tj\Projects\SpawnDev.ILGPU\SpawnDev.ILGPU.WebGPU\SpawnDev.ILGPU.WebGPU\SpawnDev.ILGPU.WebGPU.csproj]
D:\users\tj\Projects\SpawnDev.ILGPU\SpawnDev.ILGPU.WebGPU\SpawnDev.ILGPU.WebGPU\Backend\WGSLKernelFunctionGenerator.cs(299,20): warning CS8603: Possible null reference return. [D:\users\tj\Projects\SpawnDev.ILGPU\SpawnDev.ILGPU.WebGPU\SpawnDev.ILGPU.WebGPU\SpawnDev.ILGPU.WebGPU.csproj]
D:\users\tj\Projects\SpawnDev.ILGPU\SpawnDev.ILGPU.WebGPU\SpawnDev.ILGPU.WebGPU\WebGPUAccelerator.cs(295,99): warning CS8602: Dereference of a possibly null reference. [D:\users\tj\Projects\SpawnDev.ILGPU\SpawnDev.ILGPU.WebGPU\SpawnDev.ILGPU.WebGPU\SpawnDev.ILGPU.WebGPU.csproj]
D:\users\tj\Projects\SpawnDev.ILGPU\SpawnDev.ILGPU.WebGPU\SpawnDev.ILGPU.WebGPU\WebGPUAccelerator.cs(380,116): warning CS8603: Possible null reference return. [D:\users\tj\Projects\SpawnDev.ILGPU\SpawnDev.ILGPU.WebGPU\SpawnDev.ILGPU.WebGPU\SpawnDev.ILGPU.WebGPU.csproj]
D:\users\tj\Projects\SpawnDev.ILGPU\SpawnDev.ILGPU.WebGPU\SpawnDev.ILGPU.WebGPU\Backend\WGSLCodeGenerator.cs(968,17): error CS0019: Operator '>' cannot be applied to operands of type 'method group' and 'int' [D:\users\tj\Projects\SpawnDev.ILGPU\SpawnDev.ILGPU.WebGPU\SpawnDev.ILGPU.WebGPU\SpawnDev.ILGPU.WebGPU.csproj]
D:\users\tj\Projects\SpawnDev.ILGPU\SpawnDev.ILGPU.WebGPU\SpawnDev.ILGPU.WebGPU\Backend\WGSLKernelFunctionGenerator.cs(1342,29): warning CS8600: Converting null literal or possible null value to non-nullable type. [D:\users\tj\Projects\SpawnDev.ILGPU\SpawnDev.ILGPU.WebGPU\SpawnDev.ILGPU.WebGPU\SpawnDev.ILGPU.WebGPU.csproj]
D:\users\tj\Projects\SpawnDev.ILGPU\SpawnDev.ILGPU.WebGPU\SpawnDev.ILGPU.WebGPU\Backend\WGSLKernelFunctionGenerator.cs(1351,29): warning CS8600: Converting null literal or possible null value to non-nullable type. [D:\users\tj\Projects\SpawnDev.ILGPU\SpawnDev.ILGPU.WebGPU\SpawnDev.ILGPU.WebGPU\SpawnDev.ILGPU.WebGPU.csproj]
D:\users\tj\Projects\SpawnDev.ILGPU\SpawnDev.ILGPU.WebGPU\SpawnDev.ILGPU.WebGPU\Backend\WGSLKernelFunctionGenerator.cs(1356,29): warning CS8600: Converting null literal or possible null value to non-nullable type. [D:\users\tj\Projects\SpawnDev.ILGPU\SpawnDev.ILGPU.WebGPU\SpawnDev.ILGPU.WebGPU\SpawnDev.ILGPU.WebGPU.csproj]

Build FAILED.

D:\users\tj\Projects\SpawnDev.ILGPU\SpawnDev.ILGPU.WebGPU\SpawnDev.ILGPU.WebGPU\Backend\WebGPUBackend.cs(66,13): warning CS8603: Possible null reference return. [D:\users\tj\Projects\SpawnDev.ILGPU\SpawnDev.ILGPU.WebGPU\SpawnDev.ILGPU.WebGPU\SpawnDev.ILGPU.WebGPU.csproj]
D:\users\tj\Projects\SpawnDev.ILGPU\SpawnDev.ILGPU.WebGPU\SpawnDev.ILGPU.WebGPU\WebGPUAccelerator.cs(40,59): warning CS8625: Cannot convert null literal to non-nullable reference type. [D:\users\tj\Projects\SpawnDev.ILGPU\SpawnDev.ILGPU.WebGPU\SpawnDev.ILGPU.WebGPU\SpawnDev.ILGPU.WebGPU.csproj]
D:\users\tj\Projects\SpawnDev.ILGPU\SpawnDev.ILGPU.WebGPU\SpawnDev.ILGPU.WebGPU\Backend\WebGPUBackend.cs(79,27): warning CS8600: Converting null literal or possible null value to non-nullable type. [D:\users\tj\Projects\SpawnDev.ILGPU\SpawnDev.ILGPU.WebGPU\SpawnDev.ILGPU.WebGPU\SpawnDev.ILGPU.WebGPU.csproj]
D:\users\tj\Projects\SpawnDev.ILGPU\SpawnDev.ILGPU.WebGPU\SpawnDev.ILGPU.WebGPU\Backend\WebGPUBackend.cs(80,33): warning CS8604: Possible null reference argument for parameter 'manager' in 'void WebGPUBackend.FixIntrinsicManager(IntrinsicImplementationManager manager)'. [D:\users\tj\Projects\SpawnDev.ILGPU\SpawnDev.ILGPU.WebGPU\SpawnDev.ILGPU.WebGPU\SpawnDev.ILGPU.WebGPU.csproj]
D:\users\tj\Projects\SpawnDev.ILGPU\SpawnDev.ILGPU.WebGPU\SpawnDev.ILGPU.WebGPU\Backend\WGSLTypeGenerator.cs(77,20): warning CS8603: Possible null reference return. [D:\users\tj\Projects\SpawnDev.ILGPU\SpawnDev.ILGPU.WebGPU\SpawnDev.ILGPU.WebGPU\SpawnDev.ILGPU.WebGPU.csproj]
D:\users\tj\Projects\SpawnDev.ILGPU\SpawnDev.ILGPU.WebGPU\SpawnDev.ILGPU.WebGPU\Backend\WebGPUBackend.cs(92,34): warning CS8600: Converting null literal or possible null value to non-nullable type. [D:\users\tj\Projects\SpawnDev.ILGPU\SpawnDev.ILGPU.WebGPU\SpawnDev.ILGPU.WebGPU\SpawnDev.ILGPU.WebGPU.csproj]
D:\users\tj\Projects\SpawnDev.ILGPU\SpawnDev.ILGPU.WebGPU\SpawnDev.ILGPU.WebGPU\Backend\WebGPUBackend.cs(96,36): warning CS8602: Dereference of a possibly null reference. [D:\users\tj\Projects\SpawnDev.ILGPU\SpawnDev.ILGPU.WebGPU\SpawnDev.ILGPU.WebGPU\SpawnDev.ILGPU.WebGPU.csproj]
D:\users\tj\Projects\SpawnDev.ILGPU\SpawnDev.ILGPU.WebGPU\SpawnDev.ILGPU.WebGPU\Backend\WebGPUBackend.cs(101,40): warning CS8602: Dereference of a possibly null reference. [D:\users\tj\Projects\SpawnDev.ILGPU\SpawnDev.ILGPU.WebGPU\SpawnDev.ILGPU.WebGPU\SpawnDev.ILGPU.WebGPU.csproj]
D:\users\tj\Projects\SpawnDev.ILGPU\SpawnDev.ILGPU.WebGPU\SpawnDev.ILGPU.WebGPU\Backend\WebGPUBackend.cs(119,40): warning CS8602: Dereference of a possibly null reference. [D:\users\tj\Projects\SpawnDev.ILGPU\SpawnDev.ILGPU.WebGPU\SpawnDev.ILGPU.WebGPU\SpawnDev.ILGPU.WebGPU.csproj]
D:\users\tj\Projects\SpawnDev.ILGPU\SpawnDev.ILGPU.WebGPU\SpawnDev.ILGPU.WebGPU\Backend\WebGPUBackend.cs(128,42): warning CS8602: Dereference of a possibly null reference. [D:\users\tj\Projects\SpawnDev.ILGPU\SpawnDev.ILGPU.WebGPU\SpawnDev.ILGPU.WebGPU\SpawnDev.ILGPU.WebGPU.csproj]
D:\users\tj\Projects\SpawnDev.ILGPU\SpawnDev.ILGPU.WebGPU\SpawnDev.ILGPU.WebGPU\Backend\WebGPUBackend.cs(129,37): warning CS8602: Dereference of a possibly null reference. [D:\users\tj\Projects\SpawnDev.ILGPU\SpawnDev.ILGPU.WebGPU\SpawnDev.ILGPU.WebGPU\SpawnDev.ILGPU.WebGPU.csproj]
D:\users\tj\Projects\SpawnDev.ILGPU\SpawnDev.ILGPU.WebGPU\SpawnDev.ILGPU.WebGPU\Backend\WebGPUBackend.cs(134,45): warning CS8602: Dereference of a possibly null reference. [D:\users\tj\Projects\SpawnDev.ILGPU\SpawnDev.ILGPU.WebGPU\SpawnDev.ILGPU.WebGPU\SpawnDev.ILGPU.WebGPU.csproj]
D:\users\tj\Projects\SpawnDev.ILGPU\SpawnDev.ILGPU.WebGPU\SpawnDev.ILGPU.WebGPU\Backend\WGSLTypeGenerator.cs(93,21): warning CS8603: Possible null reference return. [D:\users\tj\Projects\SpawnDev.ILGPU\SpawnDev.ILGPU.WebGPU\SpawnDev.ILGPU.WebGPU\SpawnDev.ILGPU.WebGPU.csproj]
D:\users\tj\Projects\SpawnDev.ILGPU\SpawnDev.ILGPU.WebGPU\SpawnDev.ILGPU.WebGPU\Backend\WebGPUBackend.cs(152,65): warning CS8602: Dereference of a possibly null reference. [D:\users\tj\Projects\SpawnDev.ILGPU\SpawnDev.ILGPU.WebGPU\SpawnDev.ILGPU.WebGPU\SpawnDev.ILGPU.WebGPU.csproj]
D:\users\tj\Projects\SpawnDev.ILGPU\SpawnDev.ILGPU.WebGPU\SpawnDev.ILGPU.WebGPU\Backend\WebGPUBackend.cs(180,54): warning CS8602: Dereference of a possibly null reference. [D:\users\tj\Projects\SpawnDev.ILGPU\SpawnDev.ILGPU.WebGPU\SpawnDev.ILGPU.WebGPU\SpawnDev.ILGPU.WebGPU.csproj]
D:\users\tj\Projects\SpawnDev.ILGPU\SpawnDev.ILGPU.WebGPU\SpawnDev.ILGPU.WebGPU\Backend\WebGPUBackend.cs(180,103): warning CS8602: Dereference of a possibly null reference. [D:\users\tj\Projects\SpawnDev.ILGPU\SpawnDev.ILGPU.WebGPU\SpawnDev.ILGPU.WebGPU\SpawnDev.ILGPU.WebGPU.csproj]
D:\users\tj\Projects\SpawnDev.ILGPU\SpawnDev.ILGPU.WebGPU\SpawnDev.ILGPU.WebGPU\WebGPUAccelerator.cs(143,42): warning CS8604: Possible null reference argument for parameter 'd' in 'int[] GetXYZ(object d)'. [D:\users\tj\Projects\SpawnDev.ILGPU\SpawnDev.ILGPU.WebGPU\SpawnDev.ILGPU.WebGPU\SpawnDev.ILGPU.WebGPU.csproj]
D:\users\tj\Projects\SpawnDev.ILGPU\SpawnDev.ILGPU.WebGPU\SpawnDev.ILGPU.WebGPU\WebGPUAccelerator.cs(155,35): warning CS8605: Unboxing a possibly null value. [D:\users\tj\Projects\SpawnDev.ILGPU\SpawnDev.ILGPU.WebGPU\SpawnDev.ILGPU.WebGPU\SpawnDev.ILGPU.WebGPU.csproj]
D:\users\tj\Projects\SpawnDev.ILGPU\SpawnDev.ILGPU.WebGPU\SpawnDev.ILGPU.WebGPU\WebGPUAccelerator.cs(178,42): warning CS8604: Possible null reference argument for parameter 'd' in 'int[] GetXYZ(object d)'. [D:\users\tj\Projects\SpawnDev.ILGPU\SpawnDev.ILGPU.WebGPU\SpawnDev.ILGPU.WebGPU\SpawnDev.ILGPU.WebGPU.csproj]
D:\users\tj\Projects\SpawnDev.ILGPU\SpawnDev.ILGPU.WebGPU\SpawnDev.ILGPU.WebGPU\Backend\WGSLKernelFunctionGenerator.cs(299,20): warning CS8603: Possible null reference return. [D:\users\tj\Projects\SpawnDev.ILGPU\SpawnDev.ILGPU.WebGPU\SpawnDev.ILGPU.WebGPU\SpawnDev.ILGPU.WebGPU.csproj]
D:\users\tj\Projects\SpawnDev.ILGPU\SpawnDev.ILGPU.WebGPU\SpawnDev.ILGPU.WebGPU\WebGPUAccelerator.cs(295,99): warning CS8602: Dereference of a possibly null reference. [D:\users\tj\Projects\SpawnDev.ILGPU\SpawnDev.ILGPU.WebGPU\SpawnDev.ILGPU.WebGPU\SpawnDev.ILGPU.WebGPU.csproj]
D:\users\tj\Projects\SpawnDev.ILGPU\SpawnDev.ILGPU.WebGPU\SpawnDev.ILGPU.WebGPU\WebGPUAccelerator.cs(380,116): warning CS8603: Possible null reference return. [D:\users\tj\Projects\SpawnDev.ILGPU\SpawnDev.ILGPU.WebGPU\SpawnDev.ILGPU.WebGPU\SpawnDev.ILGPU.WebGPU.csproj]
D:\users\tj\Projects\SpawnDev.ILGPU\SpawnDev.ILGPU.WebGPU\SpawnDev.ILGPU.WebGPU\Backend\WGSLKernelFunctionGenerator.cs(1342,29): warning CS8600: Converting null literal or possible null value to non-nullable type. [D:\users\tj\Projects\SpawnDev.ILGPU\SpawnDev.ILGPU.WebGPU\SpawnDev.ILGPU.WebGPU\SpawnDev.ILGPU.WebGPU.csproj]
D:\users\tj\Projects\SpawnDev.ILGPU\SpawnDev.ILGPU.WebGPU\SpawnDev.ILGPU.WebGPU\Backend\WGSLKernelFunctionGenerator.cs(1351,29): warning CS8600: Converting null literal or possible null value to non-nullable type. [D:\users\tj\Projects\SpawnDev.ILGPU\SpawnDev.ILGPU.WebGPU\SpawnDev.ILGPU.WebGPU\SpawnDev.ILGPU.WebGPU.csproj]
D:\users\tj\Projects\SpawnDev.ILGPU\SpawnDev.ILGPU.WebGPU\SpawnDev.ILGPU.WebGPU\Backend\WGSLKernelFunctionGenerator.cs(1356,29): warning CS8600: Converting null literal or possible null value to non-nullable type. [D:\users\tj\Projects\SpawnDev.ILGPU\SpawnDev.ILGPU.WebGPU\SpawnDev.ILGPU.WebGPU\SpawnDev.ILGPU.WebGPU.csproj]
D:\users\tj\Projects\SpawnDev.ILGPU\SpawnDev.ILGPU.WebGPU\SpawnDev.ILGPU.WebGPU\Backend\WGSLCodeGenerator.cs(968,17): error CS0019: Operator '>' cannot be applied to operands of type 'method group' and 'int' [D:\users\tj\Projects\SpawnDev.ILGPU\SpawnDev.ILGPU.WebGPU\SpawnDev.ILGPU.WebGPU\SpawnDev.ILGPU.WebGPU.csproj]
    25 Warning(s)
    1 Error(s)

Time Elapsed 00:00:01.21
